
[0K[?25h 34 files changed, 1369 insertions(+), 142 deletions(-)[0K[?25l
 rewrite .Rproj.user/6F98EBE9/console06/INDEX001 (84%)[0K
 rewrite _book/bspr-workshop-2018_files/figure-html/fold-change-2.png (91%)[0K
 create mode 100644 _book/bspr-workshop-2018_files/figure-html/heatmap-1.png[0K
 rewrite _book/bspr-workshop-2018_files/figure-html/t-test-2.png (99%)[0K
 rewrite _book/bspr-workshop-2018_files/figure-html/tidy-data-1.png (97%)[0K
 create mode 100644 _book/bspr-workshop-2018_files/figure-html/tidy-data-2.png[0K
 create mode 100644 _book/bspr-workshop-2018_files/figure-html/tidy-data-3.png[0K
 create mode 100644 _book/bspr-workshop-2018_files/figure-html/unnamed-chunk-2-1.png[0K
 create mode 100644 _book/bspr-workshop-2018_files/figure-html/unnamed-chunk-2-2.png[0K
 create mode 100644 _book/bspr-workshop-2018_files/figure-html/unnamed-chunk-2-3.png[0K
 rewrite _book/bspr-workshop-2018_files/figure-html/vol-pot-1.png (99%)[0K
 rewrite _book/search_index.json (71%)[0K
 rewrite _bookdown_files/bspr-workshop-2018_files/figure-html/fold-change-2.png (91%)[0K
 create mode 100644 _bookdown_files/bspr-workshop-2018_files/figure-html/heatmap-1.png[0K
 rewrite _bookdown_files/bspr-workshop-2018_files/figure-html/t-test-2.png (99%)[0K
 rewrite _bookdown_files/bspr-workshop-2018_files/figure-html/tidy-data-1.png (97%)[0K
 create mode 100644 _bookdown_files/bspr-workshop-2018_files/figure-html/tidy-data-2.p[0Kn
g[0K
 create mode 100644 _bookdown_files/bspr-workshop-2018_files/figure-html/tidy-data-3.p[0Kn
g[0K
 create mode 100644 _bookdown_files/bspr-workshop-2018_files/figure-html/unnamed-chunk[0K-
2-1.png[0K
 create mode 100644 _bookdown_files/bspr-workshop-2018_files/figure-html/unnamed-chunk[0K-
2-2.png[0K
 create mode 100644 _bookdown_files/bspr-workshop-2018_files/figure-html/unnamed-chunk[0K-
2-3.png[0K
 rewrite _bookdown_files/bspr-workshop-2018_files/figure-html/vol-pot-1.png (99%)[0K
 create mode 100644 data/example_nomralised_proteomics_data.csv[0K
[0K[?25h[?25l
[0;32mab604@ab604-proteome [0;35m [0;33m/e/bspr-workshop-2018[0;36m (master)[0m[0K
$[0K[3G[?25h[?25l$ g[0K[?25hi[0Kt[0K[7G[?25l$ git p[0K[?25hu[0Ks[0Kh[0K[12G[?25l$ git push o[0K[?25hr[0Ki[0Kg[0Ki[0Kn[0K[19G[?25l$ git push origin m[0K[?25ha[0Ks[0Kt[0Ke[0Kr[0K[?25l
[0K[?25hCounting objects: 37, done.[0K[?25l
Delta compression using up to 16 threads.[0K
Compressing objects:  14% (5/35)[0K[1G[?25hCompressing objects: 100% (35/35), done.[0K[?25l
Writing objects:  43% (16/37)[0K[1G[?25h[?25lWriting objects:  48% (18/37)[0K[1G[?25h[?25lWriting objects:  97% (36/37)[0K[1G[?25hWriting objects: 100% (37/37), 223.82 KiB | 0 bytes/s, done.[0K[?25l
Total 37 (delta 16), reused 0 (delta 0)[0K
[0K[?25h[?25lremote: Resolving deltas:   0% (0/16)[0K[1G[?25hremote: Resolving deltas: 100% (16/16), completed with 15 local objects.[0K[?25l
[0K[?25hTo github.com:ab604/bspr-workshop-2018.git[0K[?25l
   0fd0197..efd8d3b  master -> master[0K
[0K[?25h[?25l
[0;32mab604@ab604-proteome [0;35m [0;33m/e/bspr-workshop-2018[0;36m (master)[0m[0K
$[0K[3G[?25h[?25l[27A[0K
 rewrite _bookdown_files/bspr-workshop-2018_files/figure-html/t-test-2.png (99%)[0K
 rewrite _bookdown_files/bspr-workshop-2018_files/figure-html/tidy-data-1.png (97%)[0K
 create mode 100644 _bookdown_files/bspr-workshop-2018_files/figure-html/tidy-data-2.[0Kp
ng[0K
 create mode 100644 _bookdown_files/bspr-workshop-2018_files/figure-html/tidy-data-3.[0Kp
ng[0K
 create mode 100644 _bookdown_files/bspr-workshop-2018_files/figure-html/unnamed-chun[0Kk
-2-1.png[0K
 create mode 100644 _bookdown_files/bspr-workshop-2018_files/figure-html/unnamed-chun[0Kk
-2-2.png[0K
 create mode 100644 _bookdown_files/bspr-workshop-2018_files/figure-html/unnamed-chun[0Kk
-2-3.png[0K
 rewrite _bookdown_files/bspr-workshop-2018_files/figure-html/vol-pot-1.png (99%)[0K
 create mode 100644 data/example_nomralised_proteomics_data.csv[0K
[0K
[0;32mab604@ab604-proteome [0;35m [0;33m/e/bspr-workshop-2018[0;36m (master)[0K
[0m$ git push origin master[0K
Counting objects: 37, done.[0K
Delta compression using up to 16 threads.[0K
Compressing objects: 100% (35/35), done.[0K
Writing objects: 100% (37/37), 223.82 KiB | 0 bytes/s, done.[0K
Total 37 (delta 16), reused 0 (delta 0)[0K
remote: Resolving deltas: 100% (16/16), completed with 15 local objects.[0K
To github.com:ab604/bspr-workshop-2018.git[0K
   0fd0197..efd8d3b  master -> master[0K
[0K
[0;32mab604@ab604-proteome [0;35m [0;33m/e/bspr-workshop-2018[0;36m (master)[0K
[0m$[0K[3G[?25h[?25l[29A[0K
 create mode 100644 _bookdown_files/bspr-workshop-2018_files/figure-html/heatmap-1.p[0Kn
g[0K
 rewrite _bookdown_files/bspr-workshop-2018_files/figure-html/t-test-2.png (99%)[0K
 rewrite _bookdown_files/bspr-workshop-2018_files/figure-html/tidy-data-1.png (97%)[0K
 create mode 100644 _bookdown_files/bspr-workshop-2018_files/figure-html/tidy-data-2[0K.
png[0K
 create mode 100644 _bookdown_files/bspr-workshop-2018_files/figure-html/tidy-data-3[0K.
png[0K
 create mode 100644 _bookdown_files/bspr-workshop-2018_files/figure-html/unnamed-chu[0Kn
k-2-1.png[0K
 create mode 100644 _bookdown_files/bspr-workshop-2018_files/figure-html/unnamed-chu[0Kn
k-2-2.png[0K
 create mode 100644 _bookdown_files/bspr-workshop-2018_files/figure-html/unnamed-chu[0Kn
k-2-3.png[0K
 rewrite _bookdown_files/bspr-workshop-2018_files/figure-html/vol-pot-1.png (99%)[0K
 create mode 100644 data/example_nomralised_proteomics_data.csv[0K
[0K
[0;32mab604@ab604-proteome [0;35m [0;33m/e/bspr-workshop-2018[0;36m (master)[0K
[0m$ git push origin master[0K
Counting objects: 37, done.[0K
Delta compression using up to 16 threads.[0K
Compressing objects: 100% (35/35), done.[0K
Writing objects: 100% (37/37), 223.82 KiB | 0 bytes/s, done.[0K
Total 37 (delta 16), reused 0 (delta 0)[0K
remote: Resolving deltas: 100% (16/16), completed with 15 local objects.[0K
To github.com:ab604/bspr-workshop-2018.git[0K
   0fd0197..efd8d3b  master -> master[0K
[0K
[0;32mab604@ab604-proteome [0;35m [0;33m/e/bspr-workshop-2018[0;36m (master)[0K
[0m$[0K[3G[?25h[?25l[30A create mode 100644 _bookdown_files/bspr-workshop-2018_files/figure-html/heatmap-1.png[0K
 rewrite _bookdown_files/bspr-workshop-2018_files/figure-html/t-test-2.png (99%)[0K
 rewrite _bookdown_files/bspr-workshop-2018_files/figure-html/tidy-data-1.png (97%)[0K
 create mode 100644 _bookdown_files/bspr-workshop-2018_files/figure-html/tidy-data-2.p[0Kn
g[0K
 create mode 100644 _bookdown_files/bspr-workshop-2018_files/figure-html/tidy-data-3.p[0Kn
g[0K
 create mode 100644 _bookdown_files/bspr-workshop-2018_files/figure-html/unnamed-chunk[0K-
2-1.png[0K
 create mode 100644 _bookdown_files/bspr-workshop-2018_files/figure-html/unnamed-chunk[0K-
2-2.png[0K
 create mode 100644 _bookdown_files/bspr-workshop-2018_files/figure-html/unnamed-chunk[0K-
2-3.png[0K
 rewrite _bookdown_files/bspr-workshop-2018_files/figure-html/vol-pot-1.png (99%)[0K
 create mode 100644 data/example_nomralised_proteomics_data.csv[0K
[0K
[0;32mab604@ab604-proteome [0;35m [0;33m/e/bspr-workshop-2018[0;36m (master)[0K
[0m$ git push origin master[0K
Counting objects: 37, done.[0K
Delta compression using up to 16 threads.[0K
Compressing objects: 100% (35/35), done.[0K
Writing objects: 100% (37/37), 223.82 KiB | 0 bytes/s, done.[0K
Total 37 (delta 16), reused 0 (delta 0)[0K
remote: Resolving deltas: 100% (16/16), completed with 15 local objects.[0K
To github.com:ab604/bspr-workshop-2018.git[0K
   0fd0197..efd8d3b  master -> master[0K
[0K
[0;32mab604@ab604-proteome [0;35m [0;33m/e/bspr-workshop-2018[0;36m (master)[0K
[0m$[0K
[0K
[0K[2A[3G[?25h[?25l[27A[0K
 rewrite _bookdown_files/bspr-workshop-2018_files/figure-html/t-test-2.png (99%)[0K
 rewrite _bookdown_files/bspr-workshop-2018_files/figure-html/tidy-data-1.png (97%)[0K
 create mode 100644 _bookdown_files/bspr-workshop-2018_files/figure-html/tidy-data-2.[0Kp
ng[0K
 create mode 100644 _bookdown_files/bspr-workshop-2018_files/figure-html/tidy-data-3.[0Kp
ng[0K
 create mode 100644 _bookdown_files/bspr-workshop-2018_files/figure-html/unnamed-chun[0Kk
-2-1.png[0K
 create mode 100644 _bookdown_files/bspr-workshop-2018_files/figure-html/unnamed-chun[0Kk
-2-2.png[0K
 create mode 100644 _bookdown_files/bspr-workshop-2018_files/figure-html/unnamed-chun[0Kk
-2-3.png[0K
 rewrite _bookdown_files/bspr-workshop-2018_files/figure-html/vol-pot-1.png (99%)[0K
 create mode 100644 data/example_nomralised_proteomics_data.csv[0K
[0K
[0;32mab604@ab604-proteome [0;35m [0;33m/e/bspr-workshop-2018[0;36m (master)[0K
[0m$ git push origin master[0K
Counting objects: 37, done.[0K
Delta compression using up to 16 threads.[0K
Compressing objects: 100% (35/35), done.[0K
Writing objects: 100% (37/37), 223.82 KiB | 0 bytes/s, done.[0K
Total 37 (delta 16), reused 0 (delta 0)[0K
remote: Resolving deltas: 100% (16/16), completed with 15 local objects.[0K
To github.com:ab604/bspr-workshop-2018.git[0K
   0fd0197..efd8d3b  master -> master[0K
[0K
[0;32mab604@ab604-proteome [0;35m [0;33m/e/bspr-workshop-2018[0;36m (master)[0K
[0m$[0K
[0K[1A[3G[?25h[0m[0K]0;:/e/bspr-workshop-2018[?25l
[0;32mab604@ab604-proteome [0;35m [0;33m/e/bspr-workshop-2018[0;36m (master)[0m[0K
[?25l[1A[0;32mab604@ab604-proteome [0;35m [0;33m/e/bspr-workshop-2018[0;36m (master)[0K
[0m$[0K[3G[?25h[0m[0K]0;:/e/bspr-workshop-2018[?25l
[0;32mab604@ab604-proteome [0;35m [0;33m/e/bspr-workshop-2018[0;36m (master)[0m[0K
$[0K[3G[?25h[?25l[1A[0;32mab604@ab604-proteome [0;35m [0;33m/e/bspr-workshop-2018[0;36m (master)[0K
[?25l[0K[3G[?25h[?25l$ g[0K[?25hi[0Kt[0K[7G[?25l$ git a[0K[?25hd[0Kd[0K[?25l$ git ad[0K[?25h[?25l$ git a[0K[?25h[?25l$ git[0K[7G[?25h[?25l$ git s[0K[?25ht[0Ka[0Kt[0Ku[0Ks[0K[?25l
[0K[?25hOn branch master[0K[?25l
Changes not staged for commit:[0K
  (use "git add <file>..." to update what will be committed)[0K
  (use "git checkout -- <file>..." to discard changes in working directory)[0K
[0K
        [0;31mmodified:   .Rproj.user/6F98EBE9/console06/CAEA8888[0m[0K
        [0;31mmodified:   .Rproj.user/6F98EBE9/console06/INDEX001[0m[0K
        [0;31mmodified:   .Rproj.user/6F98EBE9/sources/prop/234D8CAA[0m[0K
        [0;31mmodified:   .Rproj.user/6F98EBE9/sources/prop/85427934[0m[0K
        [0;31mmodified:   .Rproj.user/6F98EBE9/sources/prop/INDEX[0m[0K
        [0;31mmodified:   .Rproj.user/shared/notebooks/8F6288BF-index/1/s/chunks.json[0m[0K
        [0;31mmodified:   .Rproj.user/shared/notebooks/paths[0m[0K
        [0;31mmodified:   01-intro.Rmd[0m[0K
        [0;31mmodified:   02-tidyverse.Rmd[0m[0K
        [0;31mmodified:   03-importing-and-transforming.Rmd[0m[0K
        [0;31mmodified:   _book/bspr-workshop-2018_files/figure-html/fold-change-1.png[0m[0K
        [0;31mmodified:   _book/bspr-workshop-2018_files/figure-html/heatmap-1.png[0m[0K
        [0;31mmodified:   _book/bspr-workshop-2018_files/figure-html/t-test-1.png[0m[0K
        [0;31mmodified:   _book/bspr-workshop-2018_files/figure-html/tidy-data-3.png[0m[0K
        [0;31mmodified:   _book/bspr-workshop-2018_files/figure-html/unnamed-chunk-2-1.png[0m[0K
        [0;31mmodified:   _book/bspr-workshop-2018_files/figure-html/unnamed-chunk-2-2.png[0m[0K
        [0;31mmodified:   _book/bspr-workshop-2018_files/figure-html/unnamed-chunk-2-3.png[0m[0K
        [0;31mmodified:   _book/bspr-workshop-2018_files/figure-html/vol-pot-2.png[0m[0K
        [0;31mmodified:   _book/fold-change-and-t-test.html[0m[0K
        [0;31mmodified:   _book/going-further.html[0m[0K
        [0;31mmodified:   _book/importing-and-transforming-proteomics-data.html[0m[0K
        [0;31mmodified:   _book/index.html[0m[0K
        [0;31mmodified:   _book/intro.html[0m[0K
        [0;31mmodified:   _book/references.html[0m[0K
        [0;31mmodified:   _book/search_index.json[0m[0K
        [0;31mmodified:   _book/the-tidyverse.html[0m[0K
        [0;31mmodified:   _book/visualising-proteomics-data.html[0m[0K
        [0;31mmodified:   _bookdown_files/bspr-workshop-2018_files/figure-html/fold-change-1.png[0m[0K
        [0;31mmodified:   _bookdown_files/bspr-workshop-2018_files/figure-html/heatmap-1.png[0m[0K
        [0;31mmodified:   _bookdown_files/bspr-workshop-2018_files/figure-html/t-test-1.png[0m[0K
        [0;31mmodified:   _bookdown_files/bspr-workshop-2018_files/figure-html/tidy-data-3.png[0m[0K
        [0;31mmodified:   _bookdown_files/bspr-workshop-2018_files/figure-html/unnamed-chunk-2-1.png[0m[0K
        [0;31mmodified:   _bookdown_files/bspr-workshop-2018_files/figure-html/unnamed-chunk-2-2.png[0m[0K
        [0;31mmodified:   _bookdown_files/bspr-workshop-2018_files/figure-html/unnamed-chunk-2-3.png[0m[0K
        [0;31mmodified:   _bookdown_files/bspr-workshop-2018_files/figure-html/vol-pot-2.png[0m[0K
        [0;31mmodified:   book.bib[0m[0K[9G[?25h[?25l
        [0;31mmodified:   data/example_nomralised_proteomics_data.csv[0m[0K
        [0;31mmodified:   index.Rmd[0m[0K
[0K
Untracked files:[0K
  (use "git add <file>..." to include in what will be committed)[0K
[0K
        [0;31m_book/img/[0m[0K
        [0;31m_book/tidyverse.html[0m[0K
        [0;31m_book/transform.html[0m[0K
        [0;31mbook.bib.bak[0m[0K
        [0;31mbook.bib.sav[0m[0K
        [0;31mimg/R-ecology-work_dir_structure.png[0m[0K
        [0;31mimg/data_frame.png[0m[0K
        [0;31mimg/data_project_pipeline.png[0m[0K
        [0;31mimg/dplyr_filter.png[0m[0K
        [0;31mimg/dplyr_group_by.png[0m[0K
        [0;31mimg/dplyr_mutate.png[0m[0K
        [0;31mimg/dplyr_select.png[0m[0K
        [0;31mimg/dplyr_summarise.png[0m[0K
        [0;31mimg/rdata_turn_off.png[0m[0K
        [0;31mimg/rstudio_create_project.PNG[0m[0K
        [0;31mimg/rstudio_ide_image.png[0m[0K
        [0;31mimg/rstudio_screenshot.png[0m[0K
        [0;31mimg/rstudio_screenshot_four_panes.PNG[0m[0K
        [0;31mimg/rstudio_working_directory.png[0m[0K
[0K
no changes added to commit (use "git add" and/or "git commit -a")[0K
[0K[?25h[?25l
[0;32mab604@ab604-proteome [0;35m [0;33m/e/bspr-workshop-2018[0;36m (master)[0m[0K
$[0K[3G[?25h[?25l$ g[0K[?25hi[0Kt[0K[7G[?25l$ git a[0K[?25hd[0Kd[0K[11G[?25l$ git add .[0K[?25h[?25l
[0K[?25hwarning: LF will be replaced by CRLF in .Rproj.user/6F98EBE9/sources/prop/234D8CAA.[0K[?25l
The file will have its original line endings in your working directory.[0K
warning: LF will be replaced by CRLF in .Rproj.user/6F98EBE9/sources/prop/85427934.[0K
The file will have its original line endings in your working directory.[0K
warning: LF will be replaced by CRLF in .Rproj.user/6F98EBE9/sources/prop/INDEX.[0K
The file will have its original line endings in your working directory.[0K
warning: LF will be replaced by CRLF in .Rproj.user/shared/notebooks/paths.[0K
The file will have its original line endings in your working directory.[0K
warning: LF will be replaced by CRLF in 01-intro.Rmd.[0K
The file will have its original line endings in your working directory.[0K
warning: LF will be replaced by CRLF in 02-tidyverse.Rmd.[0K
The file will have its original line endings in your working directory.[0K
warning: LF will be replaced by CRLF in 03-importing-and-transforming.Rmd.[0K
The file will have its original line endings in your working directory.[0K
[0K[?25hwarning: LF will be replaced by CRLF in book.bib.[0K[?25l
The file will have its original line endings in your working directory.[0K
warning: LF will be replaced by CRLF in data/example_nomralised_proteomics_data.csv.[0K
The file will have its original line endings in your working directory.[0K
warning: LF will be replaced by CRLF in index.Rmd.[0K
The file will have its original line endings in your working directory.[0K
[0K[?25hwarning: LF will be replaced by CRLF in book.bib.bak.[0K[?25l
The file will have its original line endings in your working directory.[0K
warning: LF will be replaced by CRLF in book.bib.sav.[0K
The file will have its original line endings in your working directory.[0K
[0K[?25h[?25l
[0;32mab604@ab604-proteome [0;35m [0;33m/e/bspr-workshop-2018[0;36m (master)[0m[0K
$[0K[3G[?25h[?25l$ git add .[0K[?25h[?25l$ git status[0K[?25h[?25l
[0K[?25hOn branch master[0K[?25l
Changes to be committed:[0K
  (use "git reset HEAD <file>..." to unstage)[0K
[0K
        [0;32mmodified:   .Rproj.user/6F98EBE9/console06/CAEA8888[0m[0K
        [0;32mmodified:   .Rproj.user/6F98EBE9/console06/INDEX001[0m[0K
        [0;32mmodified:   .Rproj.user/6F98EBE9/sources/prop/234D8CAA[0m[0K
        [0;32mmodified:   .Rproj.user/6F98EBE9/sources/prop/85427934[0m[0K
        [0;32mmodified:   .Rproj.user/6F98EBE9/sources/prop/INDEX[0m[0K
        [0;32mmodified:   .Rproj.user/shared/notebooks/8F6288BF-index/1/s/chunks.json[0m[0K
        [0;32mmodified:   .Rproj.user/shared/notebooks/paths[0m[0K
        [0;32mmodified:   01-intro.Rmd[0m[0K
        [0;32mmodified:   02-tidyverse.Rmd[0m[0K
        [0;32mmodified:   03-importing-and-transforming.Rmd[0m[0K
        [0;32mmodified:   _book/bspr-workshop-2018_files/figure-html/fold-change-1.png[0m[0K
        [0;32mmodified:   _book/bspr-workshop-2018_files/figure-html/heatmap-1.png[0m[0K
        [0;32mmodified:   _book/bspr-workshop-2018_files/figure-html/t-test-1.png[0m[0K
        [0;32mmodified:   _book/bspr-workshop-2018_files/figure-html/tidy-data-3.png[0m[0K
        [0;32mmodified:   _book/bspr-workshop-2018_files/figure-html/unnamed-chunk-2-1.png[0m[0K
        [0;32mmodified:   _book/bspr-workshop-2018_files/figure-html/unnamed-chunk-2-2.png[0m[0K
        [0;32mmodified:   _book/bspr-workshop-2018_files/figure-html/unnamed-chunk-2-3.png[0m[0K
        [0;32mmodified:   _book/bspr-workshop-2018_files/figure-html/vol-pot-2.png[0m[0K
        [0;32mmodified:   _book/fold-change-and-t-test.html[0m[0K
        [0;32mmodified:   _book/going-further.html[0m[0K
        [0;32mnew file:   _book/img/R-ecology-work_dir_structure.png[0m[0K
        [0;32mnew file:   _book/img/data_project_pipeline.png[0m[0K
        [0;32mnew file:   _book/img/quant_norm.png[0m[0K
        [0;32mnew file:   _book/img/rdata_turn_off.png[0m[0K
        [0;32mnew file:   _book/img/rstudio_create_project.PNG[0m[0K
        [0;32mnew file:   _book/img/rstudio_ide_image.png[0m[0K
        [0;32mnew file:   _book/img/rstudio_working_directory.png[0m[0K
        [0;32mmodified:   _book/importing-and-transforming-proteomics-data.html[0m[0K
        [0;32mmodified:   _book/index.html[0m[0K
        [0;32mmodified:   _book/intro.html[0m[0K
        [0;32mmodified:   _book/references.html[0m[0K
        [0;32mmodified:   _book/search_index.json[0m[0K
        [0;32mmodified:   _book/the-tidyverse.html[0m[0K
        [0;32mnew file:   _book/tidyverse.html[0m[0K
        [0;32mnew file:   _book/transform.html[0m[0K
        [0;32mmodified:   _book/visualising-proteomics-data.html[0m[0K
        [0;32mmodified:   _bookdown_files/bspr-workshop-2018_files/figure-html/fold-change-1.png[0m[0K
        [0;32mmodified:   _bookdown_files/bspr-workshop-2018_files/figure-html/heatmap-1.png[0m[0K
        [0;32mmodified:   _bookdown_files/bspr-workshop-2018_files/figure-html/t-test-1.png[0m[0K
        [0;32mmodified:   _bookdown_files/bspr-workshop-2018_files/figure-html/tidy-data-3.png[0m[0K
        [0;32mmodified:   _bookdown_files/bspr-workshop-2018_files/figure-html/unnamed-chunk-2-1.png[0m[0K
        [0;32mmodified:   _bookdown_files/bspr-workshop-2018_files/figure-html/unnamed-chunk-2-2.png[0m[0K
        [0;32mmodified:   _bookdown_files/bspr-workshop-2018_files/figure-html/unnamed-chunk-2-3.png[0m[0K
        [0;32mmodified:   _bookdown_files/bspr-workshop-2018_files/figure-html/vol-pot-2.png[0m[0K
        [0;32mmodified:   book.bib[0m[0K
        [0;32mnew file:   book.bib.bak[0m[0K
        [0;32mnew file:   book.bib.sav[0m[0K
        [0;32mmodified:   data/example_nomralised_proteomics_data.csv[0m[0K
        [0;32mnew file:   img/R-ecology-work_dir_structure.png[0m[0K
        [0;32mnew file:   img/data_frame.png[0m[0K
        [0;32mnew file:   img/data_project_pipeline.png[0m[0K
        [0;32mnew file:   img/dplyr_filter.png[0m[0K
        [0;32mnew file:   img/dplyr_group_by.png[0m[0K
        [0;32mnew file:   img/dplyr_mutate.png[0m[0K
        [0;32mnew file:   img/dplyr_select.png[0m[0K
        [0;32mnew file:   img/dplyr_summarise.png[0m[0K
        [0;32mnew file:   img/rdata_turn_off.png[0m[0K
        [0;32mnew file:   img/rstudio_create_project.PNG[0m[0K
        [0;32mnew file:   img/rstudio_ide_image.png[0m[0K
        [0;32mnew file:   img/rstudio_screenshot.png[0m[0K
        [0;32mnew file:   img/rstudio_screenshot_four_panes.PNG[0m[0K
        [0;32mnew file:   img/rstudio_working_directory.png[0m[0K
        [0;32mmodified:   index.Rmd[0m[0K
[0K
Changes not staged for commit:[0K
  (use "git add <file>..." to update what will be committed)[0K
  (use "git checkout -- <file>..." to discard changes in working directory)[0K
[0K
        [0;31mmodified:   .Rproj.user/6F98EBE9/console06/CAEA8888[0m[0K
[0K
[0K[?25h[?25l
[0;32mab604@ab604-proteome [0;35m [0;33m/e/bspr-workshop-2018[0;36m (master)[0m[0K
$[0K[3G[?25h[?25l$ git status[0K[?25h[?25l$ git add .[0K[?25h[?25l$ git add[0K[12G[?25h[11G[10G[?25l$ git ad[0K[?25h[?25l$ git a[0K[?25h[?25l$ git[0K[7G[?25h[?25l$ git c[0K[?25ho[0Km[0Km[0Ki[0K[?25lt[0K[12G[?25h[13G[14G[?25l$ git commit -[0K[?25hm[0K[17G[?25l$ git commit -m "[0K[?25hc[0Ko[0Km[0Kp[0Kl[0Ke[0Kt[0Ke[0Kd[0K[28G[?25l$ git commit -m "completed c[0K[?25hh[0Ka[0Kp[0Ke[0K[?25l$ git commit -m "completed chap[0K[?25ht[0Ke[0Kr[0K[36G[?25l$ git commit -m "completed chapter 1[0K[?25h[38G[?25l$ git commit -m "completed chapter 1 f[0K[?25h[?25l$ git commit -m "completed chapter 1[0K[39G[?25h[38G[?25l$ git commit -m "completed chapter 1 d[0K[?25hr[0Ka[0Kf[0Kt[0K"[0K[?25l
[0K[?25h[master[0K[9G[?25l[master 2afceef] completed chapter 1 draft[0K
 63 files changed, 2509 insertions(+), 1486 deletions(-)[0K
 rewrite .Rproj.user/6F98EBE9/console06/INDEX001 (84%)[0K
 rewrite 01-intro.Rmd (96%)[0K
 rewrite _book/bspr-workshop-2018_files/figure-html/fold-change-1.png (89%)[0K
 rewrite _book/bspr-workshop-2018_files/figure-html/heatmap-1.png (98%)[0K
 rewrite _book/bspr-workshop-2018_files/figure-html/t-test-1.png (98%)[0K
 rewrite _book/bspr-workshop-2018_files/figure-html/tidy-data-3.png (99%)[0K
 rewrite _book/bspr-workshop-2018_files/figure-html/unnamed-chunk-2-1.png (99%)[0K
 rewrite _book/bspr-workshop-2018_files/figure-html/unnamed-chunk-2-2.png (99%)[0K
 rewrite _book/bspr-workshop-2018_files/figure-html/unnamed-chunk-2-3.png (98%)[0K
 rewrite _book/bspr-workshop-2018_files/figure-html/vol-pot-2.png (99%)[0K
 create mode 100644 _book/img/R-ecology-work_dir_structure.png[0K
 create mode 100644 _book/img/data_project_pipeline.png[0K
 create mode 100644 _book/img/quant_norm.png[0K
 create mode 100644 _book/img/rdata_turn_off.png[0K
 create mode 100644 _book/img/rstudio_create_project.PNG[0K
 create mode 100644 _book/img/rstudio_ide_image.png[0K
 create mode 100644 _book/img/rstudio_working_directory.png[0K
 rewrite _book/search_index.json (79%)[0K
 create mode 100644 _book/tidyverse.html[0K
 create mode 100644 _book/transform.html[0K
 rewrite _bookdown_files/bspr-workshop-2018_files/figure-html/fold-change-1.png (89%)[0K
 rewrite _bookdown_files/bspr-workshop-2018_files/figure-html/heatmap-1.png (98%)[0K
 rewrite _bookdown_files/bspr-workshop-2018_files/figure-html/t-test-1.png (98%)[0K
 rewrite _bookdown_files/bspr-workshop-2018_files/figure-html/tidy-data-3.png (99%)[0K
 rewrite _bookdown_files/bspr-workshop-2018_files/figure-html/unnamed-chunk-2-1.png (99%)[0K
 rewrite _bookdown_files/bspr-workshop-2018_files/figure-html/unnamed-chunk-2-2.png (99%)[0K
 rewrite _bookdown_files/bspr-workshop-2018_files/figure-html/unnamed-chunk-2-3.png (98%)[0K
 rewrite _bookdown_files/bspr-workshop-2018_files/figure-html/vol-pot-2.png (99%)[0K
 create mode 100644 book.bib.bak[0K
 create mode 100644 book.bib.sav[0K
 rewrite data/example_nomralised_proteomics_data.csv (64%)[0K
 create mode 100644 img/R-ecology-work_dir_structure.png[0K
 create mode 100644 img/data_frame.png[0K
 create mode 100644 img/data_project_pipeline.png[0K
 create mode 100644 img/dplyr_filter.png[0K
 create mode 100644 img/dplyr_group_by.png[0K
 create mode 100644 img/dplyr_mutate.png[0K
 create mode 100644 img/dplyr_select.png[0K
 create mode 100644 img/dplyr_summarise.png[0K
 create mode 100644 img/rdata_turn_off.png[0K
 create mode 100644 img/rstudio_create_project.PNG[0K
 create mode 100644 img/rstudio_ide_image.png[0K
 create mode 100644 img/rstudio_screenshot.png[0K
 create mode 100644 img/rstudio_screenshot_four_panes.PNG[0K
 create mode 100644 img/rstudio_working_directory.png[0K
[0K[?25h[?25l
[0;32mab604@ab604-proteome [0;35m [0;33m/e/bspr-workshop-2018[0;36m (master)[0m[0K
$[0K[3G[?25h[?25l$ g[0K[?25hi[0Kt[0K[7G[?25l$ git p[0K[?25hu[0Ks[0Kh[0K[12G[?25l$ git push o[0K[?25hr[0Ki[0Kg[0Ki[0Kn[0K[19G[?25l$ git push origin m[0K[?25ha[0Ks[0Kt[0Ke[0Kr[0K[?25l
[0K[?25hCounting objects: 66, done.[0K[?25l
[0K[?25hDelta compression using up to 16 threads.[0K[?25l
Compressing objects:  83% (51/61)[0K[1G[?25hCompressing objects: 100% (61/61), done.[0K[?25l
Writing objects:  43% (29/66)[0K[1G[?25h[?25lWriting objects:  83% (55/66)[0K[1G[?25h[?25lWriting objects:  93% (62/66)[0K[1G[?25hWriting objects: 100% (66/66), 1.17 MiB | 0 bytes/s, done.[0K[?25l
Total 66 (delta 21), reused 0 (delta 0)[0K
[0K[?25h[?25lremote: Resolving deltas:  19% (4/21)[0K[1G[?25h[?25lremote: Resolving deltas:  52% (11/21)[0K[1G[?25hremote: Resolving deltas: 100% (21/21), completed with 15 local objects.[0K[?25l
[0K[?25hTo github.com:ab604/bspr-workshop-2018.git[0K[?25l
   efd8d3b..2afceef  master -> master[0K
[0K[?25h[?25l
[0;32mab604@ab604-proteome [0;35m [0;33m/e/bspr-workshop-2018[0;36m (master)[0m[0K
$[0K[3G[?25h[0m[0K]0;:/e/bspr-workshop-2018[?25l
[0;32mab604@ab604-proteome [0;35m [0;33m/e/bspr-workshop-2018[0;36m (master)[0m[0K
[?25l[1A[0;32mab604@ab604-proteome [0;35m [0;33m/e/bspr-workshop-2018[0;36m (master)[0K
[0m$[0K[3G[?25h[?25l$ g[0K[?25hi[0Kt[0K[7G[?25l$ git s[0K[?25ht[0Ka[0Ku[0Kt[0K[?25l$ git stau[0K[?25h[?25l$ git sta[0K[?25ht[0Ku[0Ks[0K[?25l
[0K[?25hOn branch master[0K[?25l
Changes not staged for commit:[0K
  (use "git add/rm <file>..." to update what will be committed)[0K
  (use "git checkout -- <file>..." to discard changes in working directory)[0K
[0K
        [0;31mmodified:   .Rproj.user/6F98EBE9/console06/CAEA8888[0m[0K
        [0;31mmodified:   .Rproj.user/6F98EBE9/console06/INDEX001[0m[0K
        [0;31mmodified:   .Rproj.user/6F98EBE9/sources/prop/85427934[0m[0K
        [0;31mmodified:   .Rproj.user/6F98EBE9/sources/prop/INDEX[0m[0K
        [0;31mmodified:   .Rproj.user/shared/notebooks/paths[0m[0K
        [0;31mmodified:   01-intro.Rmd[0m[0K
        [0;31mmodified:   02-tidyverse.Rmd[0m[0K
        [0;31mmodified:   _book/fold-change-and-t-test.html[0m[0K
        [0;31mmodified:   _book/going-further.html[0m[0K
        [0;31mmodified:   _book/index.html[0m[0K
        [0;31mmodified:   _book/intro.html[0m[0K
        [0;31mmodified:   _book/references.html[0m[0K
        [0;31mmodified:   _book/search_index.json[0m[0K
        [0;31mmodified:   _book/tidyverse.html[0m[0K
        [0;31mmodified:   _book/transform.html[0m[0K
        [0;31mmodified:   _book/visualising-proteomics-data.html[0m[0K
        [0;31mdeleted:    book.bib.sav[0m[0K
[0K
Untracked files:[0K
  (use "git add <file>..." to include in what will be committed)[0K
[0K
        [0;31m_book/bspr-workshop-2018_files/figure-html/mpg-plot-1,mpg_point_plot-1.png[0m[0K
        [0;31m_book/bspr-workshop-2018_files/figure-html/mpg-plot-2-1.png[0m[0K
        [0;31m_book/bspr-workshop-2018_files/figure-html/unnamed-chunk-3-1.png[0m[0K
        [0;31m_book/bspr-workshop-2018_files/figure-html/unnamed-chunk-3-2.png[0m[0K
        [0;31m_book/bspr-workshop-2018_files/figure-html/unnamed-chunk-3-3.png[0m[0K
        [0;31m_book/img/data_frame.png[0m[0K
        [0;31m_book/img/tidy_prot_data.PNG[0m[0K
        [0;31m_bookdown_files/bspr-workshop-2018_files/figure-html/mpg-plot-1,mpg_point_plot-[0K1
.png[0m[0K
        [0;31m_bookdown_files/bspr-workshop-2018_files/figure-html/mpg-plot-2-1.png[0m[0K
        [0;31m_bookdown_files/bspr-workshop-2018_files/figure-html/unnamed-chunk-3-1.png[0m[0K
        [0;31m_bookdown_files/bspr-workshop-2018_files/figure-html/unnamed-chunk-3-2.png[0m[0K
        [0;31m_bookdown_files/bspr-workshop-2018_files/figure-html/unnamed-chunk-3-3.png[0m[0K
        [0;31mimg/tidy_prot_data.PNG[0m[0K
[0K
no changes added to commit (use "git add" and/or "git commit -a")[0K
[0K[?25h[?25l
[0;32mab604@ab604-proteome [0;35m [0;33m/e/bspr-workshop-2018[0;36m (master)[0m[0K
$[0K[3G[?25h[?25l$ g[0K[?25hi[0Kt[0K[7G[?25l$ git a[0K[?25hd[0Kd[0K[11G[?25l$ git add .[0K[?25h[?25l
[0K[?25hwarning: LF will be replaced by CRLF in .Rproj.user/6F98EBE9/sources/prop/85427934.[0K[?25l
The file will have its original line endings in your working directory.[0K
warning: LF will be replaced by CRLF in .Rproj.user/6F98EBE9/sources/prop/INDEX.[0K
The file will have its original line endings in your working directory.[0K
warning: LF will be replaced by CRLF in .Rproj.user/shared/notebooks/paths.[0K
The file will have its original line endings in your working directory.[0K
[0K[?25h[?25l
[0;32mab604@ab604-proteome [0;35m [0;33m/e/bspr-workshop-2018[0;36m (master)[0m[0K
$[0K[3G[?25h[?25l$ g[0K[?25hi[0Kr[0K[7G[6G[?25l$ gi[0K[?25h[?25lt[0K[5G[?25h[6G[7G[?25l$ git p[0K[?25hu[0Ks[0Kh[0K[12G[?25l$ git push o[0K[?25hr[0Kig[0Ki[0Kn[0K[19G[?25l$ git push origin m[0K[?25ha[0Ks[0Kt[0Ke[0Kr[0K[?25l
[0K[?25hEverything up-to-date[0K[?25l
[0K[?25h[?25l
[0;32mab604@ab604-proteome [0;35m [0;33m/e/bspr-workshop-2018[0;36m (master)[0m[0K
$[0K[3G[?25h[?25l$ git push origin master[0K[?25h[?25l$ git push origin maste[0K[?25h[?25l$ git push origin mast[0K[?25h[?25l$ git push origin ma[0K[22G[?25h[21G[?25l$ git push origin m[0K[?25h[?25l$ git push origin[0K[19G[?25h[?25l$ git push origi[0K[?25h[?25l$ git push ori[0K[?25h[?25l$ git push or[0K[?25h[?25l$ git push o[0K[?25h[?25l$ git push[0K[12G[?25h[11G[?25l$ git pus[0K[?25h[?25l$ git pu[0K[?25h[?25l$ git p[0K[?25h[?25l$ git[0K[7G[?25h[?25l$ git c[0K[?25ho[0Km[0Km[0Ki[0Kt[0K[14G[?25l$ git commit -[0K[?25hm[0K[17G[?25l$ git commit -m "[0K[?25hi[0Kn[0Kt[0Kr[0K[?25l$ git commit -m "int[0K[?25h[?25l$ git commit -m "in[0K[?25h[?25l$ git commit -m "i[0K[?25h[?25l$ git commit -m "[0K[?25hg[0Ke[0Kt[0Kt[0Ki[0Kng[0K[26G[?25l$ git commit -m "getting s[0K[?25ht[0Ka[0Kt[0K[?25l$ git commit -m "getting sta[0K[?25hr[0Kt[0Ke[0Kd[0K[34G[?25l$ git commit -m "getting started c[0K[?25hh[0Ka[0Kp[0Kt[0Ke[0Kr[0K"[0K[?25l
[0K[?25h[master[0K[9G[?25l[master d3cb11d] getting started chapter[0K
 30 files changed, 902 insertions(+), 309 deletions(-)[0K
 rewrite .Rproj.user/6F98EBE9/console06/INDEX001 (85%)[0K
 create mode 100644 _book/bspr-workshop-2018_files/figure-html/mpg-plot-1,mpg_point_plo[0Kt
-1.png[0K
 create mode 100644 _book/bspr-workshop-2018_files/figure-html/mpg-plot-2-1.png[0K
 create mode 100644 _book/bspr-workshop-2018_files/figure-html/unnamed-chunk-3-1.png[0K
 create mode 100644 _book/bspr-workshop-2018_files/figure-html/unnamed-chunk-3-2.png[0K
 create mode 100644 _book/bspr-workshop-2018_files/figure-html/unnamed-chunk-3-3.png[0K
 create mode 100644 _book/img/data_frame.png[0K
 create mode 100644 _book/img/tidy_prot_data.PNG[0K
 create mode 100644 _bookdown_files/bspr-workshop-2018_files/figure-html/mpg-plot-1,mpg[0K_
point_plot-1.png[0K
 create mode 100644 _bookdown_files/bspr-workshop-2018_files/figure-html/mpg-plot-2-1.p[0Kn
g[0K
 create mode 100644 _bookdown_files/bspr-workshop-2018_files/figure-html/unnamed-chunk-[0K3
-1.png[0K
 create mode 100644 _bookdown_files/bspr-workshop-2018_files/figure-html/unnamed-chunk-[0K3
-2.png[0K
 create mode 100644 _bookdown_files/bspr-workshop-2018_files/figure-html/unnamed-chunk-[0K3
-3.png[0K
 delete mode 100644 book.bib.sav[0K
 create mode 100644 img/tidy_prot_data.PNG[0K
[0K[?25h[?25l
[0;32mab604@ab604-proteome [0;35m [0;33m/e/bspr-workshop-2018[0;36m (master)[0m[0K
$[0K[3G[?25h[?25l$ git commit -m "getting started chapter"[0K[?25h[?25l$ git push origin master[0K[?25h[?25l
[0K[?25hCounting objects: 35, done.[0K[?25l
[0K[?25hDelta compression using up to 16 threads.[0K[?25l
Compressing objects: 100% (32/32), done.[0K
Writing objects:  60% (21/35)[0K[1G[?25h[?25lWriting objects:  88% (31/35)[0K[1G[?25hWriting objects: 100% (35/35), 52.66 KiB | 0 bytes/s, done.[0K[?25l
Total 35 (delta 21), reused 0 (delta 0)[0K
[0K[?25h[?25lremote: Resolving deltas:  14% (3/21)[0K[1G[?25h[?25lremote: Resolving deltas:  42% (9/21)[0K[1G[?25hremote: Resolving deltas: 100% (21/21), completed with 18 local objects.[0K[?25l
[0K[?25hTo github.com:ab604/bspr-workshop-2018.git[0K[?25l
   2afceef..d3cb11d  master -> master[0K
[0K[?25h[?25l
[0;32mab604@ab604-proteome [0;35m [0;33m/e/bspr-workshop-2018[0;36m (master)[0m[0K
$[0K[3G[?25h[0m[0K]0;:/e/bspr-workshop-2018[?25l
[0;32mab604@ab604-proteome [0;35m [0;33m/e/bspr-workshop-2018[0;36m (master)[0m[0K
[?25l[1A[0;32mab604@ab604-proteome [0;35m [0;33m/e/bspr-workshop-2018[0;36m (master)[0K
[0m$[0K[3G[?25h[?25l$ g[0K[?25hi[0Kt[0K[7G[?25l$ git s[0K[?25ht[0Ka[0Kt[0Ku[0Ks[0K[?25l
[0K[?25hOn branch master[0K[?25l
Changes not staged for commit:[0K
  (use "git add <file>..." to update what will be committed)[0K
  (use "git checkout -- <file>..." to discard changes in working directory)[0K
[0K
        [0;31mmodified:   .Rproj.user/6F98EBE9/console06/CAEA8888[0m[0K
        [0;31mmodified:   .Rproj.user/6F98EBE9/console06/INDEX001[0m[0K
        [0;31mmodified:   .Rproj.user/6F98EBE9/sources/prop/85427934[0m[0K
        [0;31mmodified:   .Rproj.user/6F98EBE9/sources/prop/INDEX[0m[0K
        [0;31mmodified:   .Rproj.user/shared/notebooks/paths[0m[0K
        [0;31mmodified:   01-intro.Rmd[0m[0K
        [0;31mmodified:   03-importing-and-transforming.Rmd[0m[0K
        [0;31mmodified:   _book/bspr-workshop-2018_files/figure-html/fold-change-1-1.png[0m[0K
        [0;31mmodified:   _book/fold-change-and-t-test.html[0m[0K
        [0;31mmodified:   _book/going-further.html[0m[0K
        [0;31mmodified:   _book/index.html[0m[0K
        [0;31mmodified:   _book/intro.html[0m[0K
        [0;31mmodified:   _book/references.html[0m[0K
        [0;31mmodified:   _book/search_index.json[0m[0K
        [0;31mmodified:   _book/tidyverse.html[0m[0K
        [0;31mmodified:   _book/transform.html[0m[0K
        [0;31mmodified:   _book/visualising-proteomics-data.html[0m[0K
        [0;31mmodified:   _bookdown_files/bspr-workshop-2018_files/figure-html/fold-change-1-1.png[0m[0K
[0K
Untracked files:[0K
  (use "git add <file>..." to include in what will be committed)[0K
[0K
        [0;31m_book/img/rstudio_screenshot_four_panes.PNG[0m[0K
        [0;31m_book/img/run_script.PNG[0m[0K
        [0;31m_book/importing-and-inspecting-data.html[0m[0K
        [0;31m_bookdown_files/bspr-workshop-2018_cache/[0m[0K
        [0;31mimg/run_script.PNG[0m[0K
[0K
no changes added to commit (use "git add" and/or "git commit -a")[0K
[0K[?25h[?25l
[0;32mab604@ab604-proteome [0;35m [0;33m/e/bspr-workshop-2018[0;36m (master)[0m[0K
$[0K[3G[?25h[?25l$ g[0K[?25hi[0Kt[0K[7G[?25l$ git a[0K[?25hd[0Kd[0K[11G[?25l$ git add .[0K[?25h[?25l
[0K[?25hwarning: LF will be replaced by CRLF in .Rproj.user/6F98EBE9/sources/prop/85427934.[0K[?25l
The file will have its original line endings in your working directory.[0K
[0K[?25hwarning: LF will be replaced by CRLF in .Rproj.user/6F98EBE9/sources/prop/INDEX.[0K[?25l
The file will have its original line endings in your working directory.[0K
warning: LF will be replaced by CRLF in .Rproj.user/shared/notebooks/paths.[0K
The file will have its original line endings in your working directory.[0K
[0K[?25h[?25l
[0;32mab604@ab604-proteome [0;35m [0;33m/e/bspr-workshop-2018[0;36m (master)[0m[0K
$[0K[3G[?25h[?25l$ g[0K[?25hi[0Kt[0K[7G[?25l$ git c[0K[?25ho[0Km[0Km[0Ki[0Kt[0K[14G[?25l$ git commit -[0K[?25hm[0K[17G[?25l$ git commit -m "[0K[?25hu[0Kp[0Kd[0Ka[0Kt[0Ke[0K[25G[?25l$ git commit -m "update iu[0K[?25hn[0K[?25l$ git commit -m "update iu[0K[?25h[?25l$ git commit -m "update i[0K[?25hm[0Kp[0Ko[0Kr[0Kt[0K"[0K[?25l
[0K[?25h[master[0K[9G[?25l[master 611f718] update import[0K
 32 files changed, 594 insertions(+), 150 deletions(-)[0K
 rewrite .Rproj.user/6F98EBE9/console06/INDEX001 (85%)[0K
 rewrite _book/bspr-workshop-2018_files/figure-html/fold-change-1-1.png (99%)[0K
 create mode 100644 _book/img/rstudio_screenshot_four_panes.PNG[0K
 create mode 100644 _book/img/run_script.PNG[0K
 create mode 100644 _book/importing-and-inspecting-data.html[0K
 create mode 100644 _bookdown_files/bspr-workshop-2018_cache/html/__packages[0K
 create mode 100644 _bookdown_files/bspr-workshop-2018_cache/html/fold-change-1_83916bec2e6bf24a[0Ke
99bb9d0d6155902.RData[0K
 create mode 100644 _bookdown_files/bspr-workshop-2018_cache/html/fold-change-1_83916bec2e6bf24a[0Ke
99bb9d0d6155902.rdb[0K
 create mode 100644 _bookdown_files/bspr-workshop-2018_cache/html/fold-change-1_83916bec2e6bf24a[0Ke
99bb9d0d6155902.rdx[0K
 create mode 100644 _bookdown_files/bspr-workshop-2018_cache/html/fold-change-2_d98c95f4b43580a9[0K1
07f7cc420a0fbf7.RData[0K
 create mode 100644 _bookdown_files/bspr-workshop-2018_cache/html/fold-change-2_d98c95f4b43580a9[0K1
07f7cc420a0fbf7.rdb[0K
 create mode 100644 _bookdown_files/bspr-workshop-2018_cache/html/fold-change-2_d98c95f4b43580a9[0K1
07f7cc420a0fbf7.rdx[0K
 create mode 100644 _bookdown_files/bspr-workshop-2018_cache/html/load-data_3a5a46d83d9d55679c84[0Kf
220984a6eee.RData[0K
 create mode 100644 _bookdown_files/bspr-workshop-2018_cache/html/load-data_3a5a46d83d9d55679c84[0Kf
220984a6eee.rdb[0K
 create mode 100644 _bookdown_files/bspr-workshop-2018_cache/html/load-data_3a5a46d83d9d55679c84[0Kf
220984a6eee.rdx[0K
 rewrite _bookdown_files/bspr-workshop-2018_files/figure-html/fold-change-1-1.png (99%)[0K
 create mode 100644 img/run_script.PNG[0K
[0K[?25h[?25l
[0;32mab604@ab604-proteome [0;35m [0;33m/e/bspr-workshop-2018[0;36m (master)[0m[0K
$[0K[3G[?25h[?25l$ g[0K[?25hi[0Kt[0K[7G[?25l$ git p[0K[?25hu[0Ks[0Kh[0K[12G[?25l$ git push o[0K[?25hr[0Ki[0Kg[0Ki[0Kn[0K[19G[?25l$ git push origin m[0K[?25ha[0Ks[0Kt[0Ke[0Kr[0K[?25l
[0K[?25hCounting objects: 47, done.[0K[?25l
Delta compression using up to 16 threads.[0K
Compressing objects:  88% (38/43)[0K[1G[?25hCompressing objects: 100% (43/43), done.[0K[?25l
Writing objects:  91% (43/47)[0K[1G[?25hWriting objects: 100% (47/47), 655.89 KiB | 0 bytes/s, done.[0K[?25l
Total 47 (delta 22), reused 0 (delta 0)[0K
[0K[?25h[?25lremote: Resolving deltas:  36% (8/22)[0K[1G[?25hremote: Resolving deltas: 100% (22/22), completed with 20 local objects.[0K[?25l
[0K[?25hTo github.com:ab604/bspr-workshop-2018.git[0K[?25l
   d3cb11d..611f718  master -> master[0K
[0K[?25h[?25l
[0;32mab604@ab604-proteome [0;35m [0;33m/e/bspr-workshop-2018[0;36m (master)[0m[0K
$[0K[3G[?25h[?25l$ g[0K[?25hi[0Kt[0K[7G[?25l$ git s[0K[?25ht[0Ka[0Kt[0Ku[0K[?25ls[0K[12G[?25h[13G[?25l
[0K[?25hOn branch master[0K[?25l
Changes not staged for commit:[0K
  (use "git add/rm <file>..." to update what will be committed)[0K
  (use "git checkout -- <file>..." to discard changes in working directory)[0K
[0K
        [0;31mmodified:   .Rproj.user/6F98EBE9/console06/CAEA8888[0m[0K
        [0;31mmodified:   .Rproj.user/6F98EBE9/sources/prop/234D8CAA[0m[0K
        [0;31mmodified:   .Rproj.user/shared/notebooks/8F6288BF-index/1/s/chunks.json[0m[0K
        [0;31mmodified:   03-importing-and-transforming.Rmd[0m[0K
        [0;31mmodified:   _book/fold-change-and-t-test.html[0m[0K
        [0;31mmodified:   _book/going-further.html[0m[0K
        [0;31mmodified:   _book/index.html[0m[0K
        [0;31mmodified:   _book/intro.html[0m[0K
        [0;31mmodified:   _book/references.html[0m[0K
        [0;31mmodified:   _book/search_index.json[0m[0K
        [0;31mmodified:   _book/tidyverse.html[0m[0K
        [0;31mmodified:   _book/transform.html[0m[0K
        [0;31mmodified:   _book/visualising-proteomics-data.html[0m[0K
        [0;31mdeleted:    _bookdown_files/bspr-workshop-2018_cache/html/fold-change-2_d98c95f4b43580a9[0K1
07f7cc420a0fbf7.RData[0m[0K
        [0;31mdeleted:    _bookdown_files/bspr-workshop-2018_cache/html/fold-change-2_d98c95f4b43580a9[0K1
07f7cc420a0fbf7.rdb[0m[0K
        [0;31mdeleted:    _bookdown_files/bspr-workshop-2018_cache/html/fold-change-2_d98c95f4b43580a9[0K1
07f7cc420a0fbf7.rdx[0m[0K
        [0;31mmodified:   book.bib[0m[0K
        [0;31mmodified:   book.bib.bak[0m[0K
        [0;31mmodified:   index.Rmd[0m[0K
[0K
Untracked files:[0K
  (use "git add <file>..." to include in what will be committed)[0K
[0K
        [0;31m_bookdown_files/bspr-workshop-2018_cache/html/fold-change-2_a9aede4dbd3c28f7c350473dd5a1[0K3
9e3.RData[0m[0K
        [0;31m_bookdown_files/bspr-workshop-2018_cache/html/fold-change-2_a9aede4dbd3c28f7c350473dd5a1[0K3
9e3.rdb[0m[0K
        [0;31m_bookdown_files/bspr-workshop-2018_cache/html/fold-change-2_a9aede4dbd3c28f7c350473dd5a1[0K3
9e3.rdx[0m[0K
        [0;31mbook.bib.sav[0m[0K
[0K
no changes added to commit (use "git add" and/or "git commit -a")[0K
[0K[?25h[?25l
[0;32mab604@ab604-proteome [0;35m [0;33m/e/bspr-workshop-2018[0;36m (master)[0m[0K
$[0K[3G[?25h[?25l$ g[0K[?25hi[0Kt[0K[7G[?25l$ git a[0K[?25hd[0Kd[0K[11G[?25l$ git add .[0K[?25h[?25l
[0K[?25hwarning: LF will be replaced by CRLF in .Rproj.user/6F98EBE9/sources/prop/234D8CAA.[0K[?25l
The file will have its original line endings in your working directory.[0K
warning: LF will be replaced by CRLF in book.bib.[0K
The file will have its original line endings in your working directory.[0K
warning: LF will be replaced by CRLF in book.bib.bak.[0K
The file will have its original line endings in your working directory.[0K
[0K[?25hwarning: LF will be replaced by CRLF in book.bib.sav.[0K[?25l
The file will have its original line endings in your working directory.[0K
[0K[?25h[?25l
[0;32mab604@ab604-proteome [0;35m [0;33m/e/bspr-workshop-2018[0;36m (master)[0m[0K
$[0K[3G[?25h[?25l$ g[0K[?25hi[0Kt[0K[7G[?25l$ git c[0K[?25ho[0Km[0Km[0Ki[0K[?25lt[0K[12G[?25h[13G[14G[?25l$ git commit -[0K[?25hm[0K[17G[?25l$ git commit -m "[0K[?25hu[0Kp[0Kd[0Ka[0Kt[0Ke[0K[25G[?25l$ git commit -m "update i[0K[?25hm[0Kp[0Ko[0Kr[0Kt[0K[32G[?25l$ git commit -m "update import c[0K[?25hh[0Ka[0K[?25lp[0K[35G[?25h[36G[?25l$ git commit -m "update import chapt[0K[?25he[0Kr[0K"[0K[?25l
[0K[?25h[master c336185] update import chapter[0K[?25l
 22 files changed, 525 insertions(+), 117 deletions(-)[0K
 create mode 100644 _bookdown_files/bspr-workshop-2018_cache/html/fold-change-2_a9aede4dbd3c28f7[0Kc
350473dd5a139e3.RData[0K
 rename _bookdown_files/bspr-workshop-2018_cache/html/{fold-change-2_d98c95f4b43580a9107f7cc420a[0K0
fbf7.rdb => fold-change-2_a9aede4dbd3c28f7c350473dd5a139e3.rdb} (96%)[0K
 create mode 100644 _bookdown_files/bspr-workshop-2018_cache/html/fold-change-2_a9aede4dbd3c28f7[0Kc
350473dd5a139e3.rdx[0K
 delete mode 100644 _bookdown_files/bspr-workshop-2018_cache/html/fold-change-2_d98c95f4b43580a9[0K1
07f7cc420a0fbf7.RData[0K
 delete mode 100644 _bookdown_files/bspr-workshop-2018_cache/html/fold-change-2_d98c95f4b43580a9[0K1
07f7cc420a0fbf7.rdx[0K
 create mode 100644 book.bib.sav[0K
[0K[?25h[?25l
[0;32mab604@ab604-proteome [0;35m [0;33m/e/bspr-workshop-2018[0;36m (master)[0m[0K
$[0K[3G[?25h[?25l$ g[0K[?25hi[0Kt[0K[7G[?25l$ git p[0K[?25hu[0Ks[0Kh[0K[12G[?25l$ git push o[0K[?25hr[0Ki[0Kg[0Ki[0Kn[0K[19G[?25l$ git push origin m[0K[?25ha[0Ks[0K[?25lt[0K[22G[?25h[23G[?25l$ git push origin maste[0K[?25hr[0K[?25l
[0K[?25hCounting objects: 35, done.[0K[?25l
Delta compression using up to 16 threads.[0K
Compressing objects: 100% (30/30), done.[0K
Writing objects:  68% (24/35)[0K[1G[?25h[?25lWriting objects:  85% (30/35)[0K[1G[?25hWriting objects: 100% (35/35), 117.44 KiB | 0 bytes/s, done.[0K[?25l
Total 35 (delta 16), reused 0 (delta 0)[0K
[0K[?25h[?25lremote: Resolving deltas:  68% (11/16)[0K[1G[?25hremote: Resolving deltas: 100% (16/16), completed with 14 local objects.[0K[?25l
[0K[?25hTo github.com:ab604/bspr-workshop-2018.git[0K[?25l
   611f718..c336185  master -> master[0K
[0K[?25h[?25l
[0;32mab604@ab604-proteome [0;35m [0;33m/e/bspr-workshop-2018[0;36m (master)[0m[0K
$[0K[3G[?25h[0m[0K]0;:/e/bspr-workshop-2018[?25l
[0;32mab604@ab604-proteome [0;35m [0;33m/e/bspr-workshop-2018[0;36m (master)[0m[0K
[?25l[1A[0;32mab604@ab604-proteome [0;35m [0;33m/e/bspr-workshop-2018[0;36m (master)[0K
[0m$[0K[3G[?25h[?25l$ g[0K[?25hi[0Kt[0K[7G[?25l$ git s[0K[?25ht[0Ka[0Kt[0Ku[0Ks[0K[?25l
[0K[?25hOn branch master[0K[?25l
Changes not staged for commit:[0K
  (use "git add/rm <file>..." to update what will be committed)[0K
  (use "git checkout -- <file>..." to discard changes in working directory)[0K
[0K
        [0;31mmodified:   .Rproj.user/6F98EBE9/console06/CAEA8888[0m[0K
        [0;31mmodified:   .Rproj.user/6F98EBE9/console06/INDEX001[0m[0K
        [0;31mmodified:   .Rproj.user/6F98EBE9/sources/prop/234D8CAA[0m[0K
        [0;31mmodified:   .Rproj.user/6F98EBE9/sources/prop/613BAD24[0m[0K
        [0;31mmodified:   .Rproj.user/6F98EBE9/sources/prop/85427934[0m[0K
        [0;31mmodified:   .Rproj.user/6F98EBE9/sources/prop/INDEX[0m[0K
        [0;31mmodified:   .Rproj.user/shared/notebooks/8F6288BF-index/1/s/chunks.json[0m[0K
        [0;31mmodified:   .Rproj.user/shared/notebooks/paths[0m[0K
        [0;31mmodified:   01-intro.Rmd[0m[0K
        [0;31mdeleted:    03-importing-and-transforming.Rmd[0m[0K
        [0;31mdeleted:    04-visualisation.Rmd[0m[0K
        [0;31mmodified:   05-going-further.Rmd[0m[0K
        [0;31mmodified:   _book/bspr-workshop-2018.pdf[0m[0K
        [0;31mmodified:   _book/bspr-workshop-2018.tex[0m[0K
        [0;31mmodified:   _book/bspr-workshop-2018_files/figure-html/fold-change-1.png[0m[0K
        [0;31mmodified:   _book/bspr-workshop-2018_files/figure-html/fold-change-2.png[0m[0K
        [0;31mmodified:   _book/bspr-workshop-2018_files/figure-html/heatmap-1.png[0m[0K
        [0;31mmodified:   _book/bspr-workshop-2018_files/figure-html/t-test-1.png[0m[0K
        [0;31mmodified:   _book/bspr-workshop-2018_files/figure-html/t-test-2.png[0m[0K
        [0;31mmodified:   _book/bspr-workshop-2018_files/figure-html/tidy-data-1.png[0m[0K
        [0;31mmodified:   _book/bspr-workshop-2018_files/figure-html/tidy-data-2.png[0m[0K
        [0;31mmodified:   _book/bspr-workshop-2018_files/figure-html/tidy-data-3.png[0m[0K
        [0;31mmodified:   _book/bspr-workshop-2018_files/figure-html/unnamed-chunk-3-1.png[0m[0K
        [0;31mmodified:   _book/bspr-workshop-2018_files/figure-html/unnamed-chunk-3-2.png[0m[0K
        [0;31mmodified:   _book/bspr-workshop-2018_files/figure-html/unnamed-chunk-3-3.png[0m[0K
        [0;31mmodified:   _book/bspr-workshop-2018_files/figure-html/vol-pot-1.png[0m[0K
        [0;31mmodified:   _book/bspr-workshop-2018_files/figure-html/vol-pot-2.png[0m[0K
        [0;31mmodified:   _book/going-further.html[0m[0K
        [0;31mmodified:   _book/index.html[0m[0K
        [0;31mmodified:   _book/intro.html[0m[0K
        [0;31mmodified:   _book/references.html[0m[0K
        [0;31mmodified:   _book/search_index.json[0m[0K
        [0;31mmodified:   _book/tidyverse.html[0m[0K
        [0;31mmodified:   _book/transform.html[0m[0K
        [0;31mmodified:   _book/visualising-proteomics-data.html[0m[0K
        [0;31mmodified:   _bookdown_files/bspr-workshop-2018_files/figure-html/fold-change-1.png[0m[0K
        [0;31mmodified:   _bookdown_files/bspr-workshop-2018_files/figure-html/fold-change-2.png[0m[0K
        [0;31mmodified:   _bookdown_files/bspr-workshop-2018_files/figure-html/heatmap-1.png[0m[0K
        [0;31mmodified:   _bookdown_files/bspr-workshop-2018_files/figure-html/t-test-1.png[0m[0K
        [0;31mmodified:   _bookdown_files/bspr-workshop-2018_files/figure-html/t-test-2.png[0m[0K
        [0;31mmodified:   _bookdown_files/bspr-workshop-2018_files/figure-html/tidy-data-1.png[0m[0K
        [0;31mmodified:   _bookdown_files/bspr-workshop-2018_files/figure-html/tidy-data-2.png[0m[0K
        [0;31mmodified:   _bookdown_files/bspr-workshop-2018_files/figure-html/tidy-data-3.png[0m[0K
        [0;31mmodified:   _bookdown_files/bspr-workshop-2018_files/figure-html/unnamed-chunk-3-1.png[0m[0K
        [0;31mmodified:   _bookdown_files/bspr-workshop-2018_files/figure-html/unnamed-chunk-3-2.png[0m[0K
        [0;31mmodified:   _bookdown_files/bspr-workshop-2018_files/figure-html/unnamed-chunk-3-3.png[0m[0K
        [0;31mmodified:   _bookdown_files/bspr-workshop-2018_files/figure-html/vol-pot-1.png[0m[0K
        [0;31mmodified:   _bookdown_files/bspr-workshop-2018_files/figure-html/vol-pot-2.png[0m[0K
        [0;31mmodified:   book.bib[0m[0K
        [0;31mmodified:   book.bib.bak[0m[0K
        [0;31mmodified:   book.bib.sav[0m[0K
        [0;31mdeleted:    data/example_nomralised_proteomics_data.csv[0m[0K
        [0;31mdeleted:    data/example_proteomics_data.csv[0m[0K
        [0;31mdeleted:    data/secretome_leanne_example.csv[0m[0K
        [0;31mmodified:   index.Rmd[0m[0K
[0K
Untracked files:[0K
  (use "git add <file>..." to include in what will be committed)[0K
[0K
        [0;31m03-importing.Rmd[0m[0K
        [0;31m04-transform_and_visualise.Rmd[0m[0K
        [0;31m_book/import.html[0m[0K
        [0;31m_book/transformation-and-visualisation.html[0m[0K
        [0;31m_bookdown_files/bspr-workshop-2018_cache/html/example-data_6fe6a381de2b8e10f48939f08441fef0.RData[0m[0K
        [0;31m_bookdown_files/bspr-workshop-2018_cache/html/example-data_6fe6a381de2b8e10f48939f08441fef0.rdb[0m[0K
        [0;31m_bookdown_files/bspr-workshop-2018_cache/html/example-data_6fe6a381de2b8e10f48939f08441fef0.rdx[0m[0K
        [0;31m_bookdown_files/bspr-workshop-2018_cache/html/import-data_c8abe37bc6d34d93aab24cef4c48d433.RData[0m[0K
        [0;31m_bookdown_files/bspr-workshop-2018_cache/html/import-data_c8abe37bc6d34d93aab24cef4c48d433.rdb[0m[0K
        [0;31m_bookdown_files/bspr-workshop-2018_cache/html/import-data_c8abe37bc6d34d93aab24cef4c48d433.rdx[0m[0K
        [0;31mdata/070718-proteomics-example-data.csv[0m[0K
        [0;31mdata/MergedFinalProt_2colPerFile_12files_filtered_ch.csv[0m[0K
[0K
no changes added to commit (use "git add" and/or "git commit -a")[0K
[0K[?25h[?25l
[0;32mab604@ab604-proteome [0;35m [0;33m/e/bspr-workshop-2018[0;36m (master)[0m[0K
$[0K[3G[?25h[?25l$ g[0K[?25hi[0Kt[0K[7G[?25l$ git c[0K[?25ho[0K[?25lm[0K[9G[?25h[10G[?25l$ git comm[0K[?25hi[0Kt[0K[14G[?25l$ git commit -[0K[?25hm[0K[17G[?25l$ git commit -m "[0K[17G[?25h[18G[?25l$ git commit -m "u[0K[?25hp[0Kf[0K[?25l$ git commit -m "up[0K[?25hd[0Ka[0Kt[0Ke[0K[25G[?25l$ git commit -m "update c[0K[?25hh[0Ka[0Kp[0Kt[0Ke[0Kr[0Ks[0K"[0K[?25l
[0K[?25hOn branch master[0K[?25l
Changes not staged for commit:[0K
        [0;31mmodified:   .Rproj.user/6F98EBE9/console06/CAEA8888[0m[0K
        [0;31mmodified:   .Rproj.user/6F98EBE9/console06/INDEX001[0m[0K
        [0;31mmodified:   .Rproj.user/6F98EBE9/sources/prop/234D8CAA[0m[0K
        [0;31mmodified:   .Rproj.user/6F98EBE9/sources/prop/613BAD24[0m[0K
        [0;31mmodified:   .Rproj.user/6F98EBE9/sources/prop/85427934[0m[0K
        [0;31mmodified:   .Rproj.user/6F98EBE9/sources/prop/INDEX[0m[0K
        [0;31mmodified:   .Rproj.user/shared/notebooks/8F6288BF-index/1/s/chunks.json[0m[0K
        [0;31mmodified:   .Rproj.user/shared/notebooks/paths[0m[0K
        [0;31mmodified:   01-intro.Rmd[0m[0K
        [0;31mdeleted:    03-importing-and-transforming.Rmd[0m[0K
        [0;31mdeleted:    04-visualisation.Rmd[0m[0K
        [0;31mmodified:   05-going-further.Rmd[0m[0K
        [0;31mmodified:   _book/bspr-workshop-2018.pdf[0m[0K
        [0;31mmodified:   _book/bspr-workshop-2018.tex[0m[0K
        [0;31mmodified:   _book/bspr-workshop-2018_files/figure-html/fold-change-1.png[0m[0K
        [0;31mmodified:   _book/bspr-workshop-2018_files/figure-html/fold-change-2.png[0m[0K
        [0;31mmodified:   _book/bspr-workshop-2018_files/figure-html/heatmap-1.png[0m[0K
        [0;31mmodified:   _book/bspr-workshop-2018_files/figure-html/t-test-1.png[0m[0K
        [0;31mmodified:   _book/bspr-workshop-2018_files/figure-html/t-test-2.png[0m[0K
        [0;31mmodified:   _book/bspr-workshop-2018_files/figure-html/tidy-data-1.png[0m[0K
        [0;31mmodified:   _book/bspr-workshop-2018_files/figure-html/tidy-data-2.png[0m[0K
        [0;31mmodified:   _book/bspr-workshop-2018_files/figure-html/tidy-data-3.png[0m[0K[9G[?25h[?25l
        [0;31mmodified:   _book/bspr-workshop-2018_files/figure-html/unnamed-chunk-3-1.png[0m[0K
        [0;31mmodified:   _book/bspr-workshop-2018_files/figure-html/unnamed-chunk-3-2.png[0m[0K
        [0;31mmodified:   _book/bspr-workshop-2018_files/figure-html/unnamed-chunk-3-3.png[0m[0K
        [0;31mmodified:   _book/bspr-workshop-2018_files/figure-html/vol-pot-1.png[0m[0K
        [0;31mmodified:   _book/bspr-workshop-2018_files/figure-html/vol-pot-2.png[0m[0K
        [0;31mmodified:   _book/going-further.html[0m[0K
        [0;31mmodified:   _book/index.html[0m[0K
        [0;31mmodified:   _book/intro.html[0m[0K
        [0;31mmodified:   _book/references.html[0m[0K
        [0;31mmodified:   _book/search_index.json[0m[0K
        [0;31mmodified:   _book/tidyverse.html[0m[0K
        [0;31mmodified:   _book/transform.html[0m[0K
        [0;31mmodified:   _book/visualising-proteomics-data.html[0m[0K
        [0;31mmodified:   _bookdown_files/bspr-workshop-2018_files/figure-html/fold-change-1.png[0m[0K
        [0;31mmodified:   _bookdown_files/bspr-workshop-2018_files/figure-html/fold-change-2.png[0m[0K
        [0;31mmodified:   _bookdown_files/bspr-workshop-2018_files/figure-html/heatmap-1.png[0m[0K
        [0;31mmodified:   _bookdown_files/bspr-workshop-2018_files/figure-html/t-test-1.png[0m[0K
        [0;31mmodified:   _bookdown_files/bspr-workshop-2018_files/figure-html/t-test-2.png[0m[0K
        [0;31mmodified:   _bookdown_files/bspr-workshop-2018_files/figure-html/tidy-data-1.png[0m[0K
        [0;31mmodified:   _bookdown_files/bspr-workshop-2018_files/figure-html/tidy-data-2.png[0m[0K
        [0;31mmodified:   _bookdown_files/bspr-workshop-2018_files/figure-html/tidy-data-3.png[0m[0K
        [0;31mmodified:   _bookdown_files/bspr-workshop-2018_files/figure-html/unnamed-chunk-3-1.png[0m[0K
        [0;31mmodified:   _bookdown_files/bspr-workshop-2018_files/figure-html/unnamed-chunk-3-2.png[0m[0K
        [0;31mmodified:   _bookdown_files/bspr-workshop-2018_files/figure-html/unnamed-chunk-3-3.png[0m[0K
        [0;31mmodified:   _bookdown_files/bspr-workshop-2018_files/figure-html/vol-pot-1.png[0m[0K
        [0;31mmodified:   _bookdown_files/bspr-workshop-2018_files/figure-html/vol-pot-2.png[0m[0K
        [0;31mmodified:   book.bib[0m[0K
        [0;31mmodified:   book.bib.bak[0m[0K
        [0;31mmodified:   book.bib.sav[0m[0K
        [0;31mdeleted:    data/example_nomralised_proteomics_data.csv[0m[0K
        [0;31mdeleted:    data/example_proteomics_data.csv[0m[0K
        [0;31mdeleted:    data/secretome_leanne_example.csv[0m[0K
        [0;31mmodified:   index.Rmd[0m[0K
[0K
Untracked files:[0K
        [0;31m03-importing.Rmd[0m[0K
        [0;31m04-transform_and_visualise.Rmd[0m[0K
        [0;31m_book/import.html[0m[0K
        [0;31m_book/transformation-and-visualisation.html[0m[0K
        [0;31m_bookdown_files/bspr-workshop-2018_cache/html/example-data_6fe6a381de2b8e10f48939f08441fef0.RData[0m[0K
        [0;31m_bookdown_files/bspr-workshop-2018_cache/html/example-data_6fe6a381de2b8e10f48939f08441fef0.rdb[0m[0K
        [0;31m_bookdown_files/bspr-workshop-2018_cache/html/example-data_6fe6a381de2b8e10f48939f08441fef0.rdx[0m[0K
        [0;31m_bookdown_files/bspr-workshop-2018_cache/html/import-data_c8abe37bc6d34d93aab24cef4c48d433.RData[0m[0K
        [0;31m_bookdown_files/bspr-workshop-2018_cache/html/import-data_c8abe37bc6d34d93aab24cef4c48d433.rdb[0m[0K
        [0;31m_bookdown_files/bspr-workshop-2018_cache/html/import-data_c8abe37bc6d34d93aab24cef4c48d433.rdx[0m[0K
        [0;31mdata/070718-proteomics-example-data.csv[0m[0K
        [0;31mdata/MergedFinalProt_2colPerFile_12files_filtered_ch.csv[0m[0K
[0K
no changes added to commit[0K
[0K[?25h[?25l
[0;32mab604@ab604-proteome [0;35m [0;33m/e/bspr-workshop-2018[0;36m (master)[0m[0K
$[0K[3G[?25h[?25l$ g[0K[?25hi[0Kt[0K[7G[?25l$ git p[0K[?25hu[0Ks[0Kh[0K[12G[?25l$ git push o[0K[?25hr[0Ki[0Kg[0Ki[0Kn[0K[19G[?25l$ git push origin m[0K[?25ha[0Ks[0Kt[0Ke[0K[?25lr[0K[24G[?25h[25G[?25l
[0K[?25hEverything up-to-date[0K[?25l
[0K[?25h[?25l
[0;32mab604@ab604-proteome [0;35m [0;33m/e/bspr-workshop-2018[0;36m (master)[0m[0K
$[0K[3G[?25h[?25l$ git push origin master[0K[?25h[?25l$ git commit -m "update chapters"[0K[?25h[?25l$ git push origin master[0K[?25h[?25l$ git commit -m "update chapters"[0K[?25h[?25l$ git status[0K[?25h[?25l$ git statu[0K[?25h[?25l$ git stat[0K[?25h[?25l$ git sta[0K[?25h[?25l$ git st[0K[10G[?25h[9G[?25l$ git s[0K[9G[?25h[8G[?25l$ git[0K[7G[?25h[?25l$ git a[0K[?25hd[0Kd[0Kd[0K[12G[11G[?25l$ git add[0K[?25h[11G[?25l$ git add .[0K[?25h[?25l
[0K[?25hwarning: LF will be replaced by CRLF in .Rproj.user/6F98EBE9/sources/prop/234D8CAA.[0K[?25l
The file will have its original line endings in your working directory.[0K
warning: LF will be replaced by CRLF in .Rproj.user/6F98EBE9/sources/prop/613BAD24.[0K
The file will have its original line endings in your working directory.[0K
warning: LF will be replaced by CRLF in .Rproj.user/6F98EBE9/sources/prop/85427934.[0K
The file will have its original line endings in your working directory.[0K
warning: LF will be replaced by CRLF in .Rproj.user/6F98EBE9/sources/prop/INDEX.[0K
The file will have its original line endings in your working directory.[0K
warning: LF will be replaced by CRLF in .Rproj.user/shared/notebooks/paths.[0K
The file will have its original line endings in your working directory.[0K
[0K[?25hwarning: LF will be replaced by CRLF in data/070718-proteomics-example-data.csv.[0K[?25l
The file will have its original line endings in your working directory.[0K
[0K[?25h[?25l
[0;32mab604@ab604-proteome [0;35m [0;33m/e/bspr-workshop-2018[0;36m (master)[0m[0K
$[0K[3G[?25h[?25l$ git add .[0K[?25h[?25l$ git push origin master[0K[?25h[?25l$ git commit -m "update chapters"[0K[?25h[?25l
[0K[?25h[master[0K[9G[?25l[master 492991c] update chapters[0K
[0K[?25h 66 files changed, 17583 insertions(+), 4376 deletions(-)[0K[?25l
 rewrite .Rproj.user/6F98EBE9/console06/INDEX001 (85%)[0K
 create mode 100644 03-importing.Rmd[0K
 rename 03-importing-and-transforming.Rmd => 04-transform_and_visualise.Rmd (52%)[0K
 delete mode 100644 04-visualisation.Rmd[0K
 rewrite _book/bspr-workshop-2018.pdf (98%)[0K
 rewrite _book/bspr-workshop-2018.tex (80%)[0K
 rewrite _book/bspr-workshop-2018_files/figure-html/fold-change-1.png (99%)[0K
 rewrite _book/bspr-workshop-2018_files/figure-html/fold-change-2.png (99%)[0K
 rewrite _book/bspr-workshop-2018_files/figure-html/heatmap-1.png (99%)[0K
 rewrite _book/bspr-workshop-2018_files/figure-html/t-test-1.png (99%)[0K
 rewrite _book/bspr-workshop-2018_files/figure-html/t-test-2.png (99%)[0K
 rewrite _book/bspr-workshop-2018_files/figure-html/tidy-data-1.png (99%)[0K
 rewrite _book/bspr-workshop-2018_files/figure-html/tidy-data-2.png (99%)[0K
 rewrite _book/bspr-workshop-2018_files/figure-html/tidy-data-3.png (99%)[0K
 rewrite _book/bspr-workshop-2018_files/figure-html/unnamed-chunk-3-1.png (98%)[0K
 rewrite _book/bspr-workshop-2018_files/figure-html/unnamed-chunk-3-2.png (98%)[0K
 rewrite _book/bspr-workshop-2018_files/figure-html/unnamed-chunk-3-3.png (98%)[0K
 rewrite _book/bspr-workshop-2018_files/figure-html/vol-pot-1.png (98%)[0K
 rewrite _book/bspr-workshop-2018_files/figure-html/vol-pot-2.png (98%)[0K
 create mode 100644 _book/import.html[0K
 create mode 100644 _book/transformation-and-visualisation.html[0K
 create mode 100644 _bookdown_files/bspr-workshop-2018_cache/html/example-data_6fe6a381de2b8e10f48939f08441fef0.RData[0K
 create mode 100644 _bookdown_files/bspr-workshop-2018_cache/html/example-data_6fe6a381de2b8e10f48939f08441fef0.rdb[0K
 create mode 100644 _bookdown_files/bspr-workshop-2018_cache/html/example-data_6fe6a381de2b8e10f48939f08441fef0.rdx[0K
 create mode 100644 _bookdown_files/bspr-workshop-2018_cache/html/import-data_c8abe37bc6d34d93aab24cef4c48d433.RData[0K
 create mode 100644 _bookdown_files/bspr-workshop-2018_cache/html/import-data_c8abe37bc6d34d93aab24cef4c48d433.rdb[0K
 create mode 100644 _bookdown_files/bspr-workshop-2018_cache/html/import-data_c8abe37bc6d34d93aab24cef4c48d433.rdx[0K
 rewrite _bookdown_files/bspr-workshop-2018_files/figure-html/fold-change-1.png (99%)[0K
 rewrite _bookdown_files/bspr-workshop-2018_files/figure-html/fold-change-2.png (99%)[0K
 rewrite _bookdown_files/bspr-workshop-2018_files/figure-html/heatmap-1.png (99%)[0K
 rewrite _bookdown_files/bspr-workshop-2018_files/figure-html/t-test-1.png (99%)[0K
 rewrite _bookdown_files/bspr-workshop-2018_files/figure-html/t-test-2.png (99%)[0K
 rewrite _bookdown_files/bspr-workshop-2018_files/figure-html/tidy-data-1.png (99%)[0K
 rewrite _bookdown_files/bspr-workshop-2018_files/figure-html/tidy-data-2.png (99%)[0K
 rewrite _bookdown_files/bspr-workshop-2018_files/figure-html/tidy-data-3.png (99%)[0K
 rewrite _bookdown_files/bspr-workshop-2018_files/figure-html/unnamed-chunk-3-1.png (98%)[0K
 rewrite _bookdown_files/bspr-workshop-2018_files/figure-html/unnamed-chunk-3-2.png (98%)[0K
 rewrite _bookdown_files/bspr-workshop-2018_files/figure-html/unnamed-chunk-3-3.png (98%)[0K
 rewrite _bookdown_files/bspr-workshop-2018_files/figure-html/vol-pot-1.png (98%)[0K
 rewrite _bookdown_files/bspr-workshop-2018_files/figure-html/vol-pot-2.png (98%)[0K
 create mode 100644 data/070718-proteomics-example-data.csv[0K
 create mode 100644 data/MergedFinalProt_2colPerFile_12files_filtered_ch.csv[0K
 delete mode 100644 data/example_nomralised_proteomics_data.csv[0K
 delete mode 100644 data/example_proteomics_data.csv[0K
 delete mode 100644 data/secretome_leanne_example.csv[0K
[0K[?25h[?25l
[0;32mab604@ab604-proteome [0;35m [0;33m/e/bspr-workshop-2018[0;36m (master)[0m[0K
$[0K[3G[?25h[?25l$ git commit -m "update chapters"[0K[?25h[?25l$ git add .[0K[?25h[?25l$ git push origin master[0K[?25h[?25l
[0K[?25hCounting objects: 68, done.[0K[?25l
[0K[?25hDelta compression using up to 16 threads.[0K[?25l
Compressing objects:  79% (49/62)[0K[1G[?25hCompressing objects: 100% (62/62), done.[0K[?25l
Writing objects:  38% (26/68)[0K[1G[?25h[?25lWriting objects:  72% (49/68)[0K[1G[?25h[?25lWriting objects:  82% (56/68)[0K[1G[?25h[?25lWriting objects:  95% (65/68)[0K[1G[?25hWriting objects: 100% (68/68), 1.41 MiB | 1.99 MiB/s, done.[0K[?25l
Total 68 (delta 26), reused 0 (delta 0)[0K
[0K[?25h[?25lremote: Resolving deltas:  30% (8/26)[0K[1G[?25hremote: Resolving deltas: 100% (26/26), completed with 21 local objects.[0K[?25l
[0K[?25hTo github.com:ab604/bspr-workshop-2018.git[0K[?25l
   c336185..492991c  master -> master[0K
[0K[?25h[?25l
[0;32mab604@ab604-proteome [0;35m [0;33m/e/bspr-workshop-2018[0;36m (master)[0m[0K
$[0K[3G[?25h[?25l$ git push origin master[0K[?25h[?25l$[0K[3G[?25h[?25l[26A rewrite _bookdown_files/bspr-workshop-2018_files/figure-html/[0Kt
idy-data-1.png (99%)[0K
 rewrite _bookdown_files/bspr-workshop-2018_files/figure-html/[0Kt
idy-data-2.png (99%)[0K
 rewrite _bookdown_files/bspr-workshop-2018_files/figure-html/[0Kt
idy-data-3.png (99%)[0K
 rewrite _bookdown_files/bspr-workshop-2018_files/figure-html/[0Ku
nnamed-chunk-3-1.png (98%)[0K
 rewrite _bookdown_files/bspr-workshop-2018_files/figure-html/[0Ku
nnamed-chunk-3-2.png (98%)[0K
 rewrite _bookdown_files/bspr-workshop-2018_files/figure-html/[0Ku
nnamed-chunk-3-3.png (98%)[0K
 rewrite _bookdown_files/bspr-workshop-2018_files/figure-html/[0Kv
ol-pot-1.png (98%)[0K
 rewrite _bookdown_files/bspr-workshop-2018_files/figure-html/[0Kv
ol-pot-2.png (98%)[0K
 create mode 100644 data/070718-proteomics-example-data.csv[0K
 create mode 100644 data/MergedFinalProt_2colPerFile_12files_f[0Ki
ltered_ch.csv[0K
 delete mode 100644 data/example_nomralised_proteomics_data.cs[0Kv
[0K
 delete mode 100644 data/example_proteomics_data.csv[0K
 delete mode 100644 data/secretome_leanne_example.csv[0K
[0K
[0;32mab604@ab604-proteome [0;35m [0;33m/e/bspr-workshop-2018[0;36m (master)[0K
[0m$ git push origin master[0K
Counting objects: 68, done.[0K
Delta compression using up to 16 threads.[0K
Compressing objects: 100% (62/62), done.[0K
Writing objects: 100% (68/68), 1.41 MiB | 1.99 MiB/s, done.[0K
Total 68 (delta 26), reused 0 (delta 0)[0K
remote: Resolving deltas: 100% (26/26), completed with 21 loca[0Kl
 objects.[0K
To github.com:ab604/bspr-workshop-2018.git[0K
   c336185..492991c  master -> master[0K
[0K
[0;32mab604@ab604-proteome [0;35m [0;33m/e/bspr-workshop-2018[0;36m (master)[0K
[0m$[0K[3G[?25h[?25l[25A rewrite _bookdown_files/bspr-workshop-2018_files/figure-html/vol-pot-1.png (9[0K8
%)[0K
 rewrite _bookdown_files/bspr-workshop-2018_files/figure-html/vol-pot-2.png (9[0K8
%)[0K
 create mode 100644 data/070718-proteomics-example-data.csv[0K
 create mode 100644 data/MergedFinalProt_2colPerFile_12files_filtered_ch.csv[0K
 delete mode 100644 data/example_nomralised_proteomics_data.csv[0K
 delete mode 100644 data/example_proteomics_data.csv[0K
 delete mode 100644 data/secretome_leanne_example.csv[0K
[0K
[0;32mab604@ab604-proteome [0;35m [0;33m/e/bspr-workshop-2018[0;36m (master)[0K
[0m$ git push origin master[0K
Counting objects: 68, done.[0K
Delta compression using up to 16 threads.[0K
Compressing objects: 100% (62/62), done.[0K
Writing objects: 100% (68/68), 1.41 MiB | 1.99 MiB/s, done.[0K
Total 68 (delta 26), reused 0 (delta 0)[0K
remote: Resolving deltas: 100% (26/26), completed with 21 local objects.[0K
To github.com:ab604/bspr-workshop-2018.git[0K
   c336185..492991c  master -> master[0K
[0K
[0;32mab604@ab604-proteome [0;35m [0;33m/e/bspr-workshop-2018[0;36m (master)[0K
[0m$[0K
[0K
[0K
[0K[3A[3G[?25h[?25l[22A rewrite _bookdown_files/bspr-workshop-2018_files/figure-html/vol-pot-1.png (98%)[0K
 rewrite _bookdown_files/bspr-workshop-2018_files/figure-html/vol-pot-2.png (98%)[0K
 create mode 100644 data/070718-proteomics-example-data.csv[0K
 create mode 100644 data/MergedFinalProt_2colPerFile_12files_filtered_ch.csv[0K
 delete mode 100644 data/example_nomralised_proteomics_data.csv[0K
 delete mode 100644 data/example_proteomics_data.csv[0K
 delete mode 100644 data/secretome_leanne_example.csv[0K
[0K
[0;32mab604@ab604-proteome [0;35m [0;33m/e/bspr-workshop-2018[0;36m (master)[0K
[0m$ git push origin master[0K
Counting objects: 68, done.[0K
Delta compression using up to 16 threads.[0K
Compressing objects: 100% (62/62), done.[0K
Writing objects: 100% (68/68), 1.41 MiB | 1.99 MiB/s, done.[0K
Total 68 (delta 26), reused 0 (delta 0)[0K
remote: Resolving deltas: 100% (26/26), completed with 21 local objects.[0K
To github.com:ab604/bspr-workshop-2018.git[0K
   c336185..492991c  master -> master[0K
[0K
[0;32mab604@ab604-proteome [0;35m [0;33m/e/bspr-workshop-2018[0;36m (master)[0K
[0m$[0K
[0K
[0K
[0K
[0K
[0K[5A[3G[?25h[0m[0K]0;:/e/bspr-workshop-2018[?25l
[0;32mab604@ab604-proteome [0;35m [0;33m/e/bspr-workshop-2018[0;36m (master)[0m[0K
$[0K[3G[?25h[?25l[1A[0;32mab604@ab604-proteome [0;35m [0;33m/e/bspr-workshop-2018[0;36m (master)[0K
[?25l$ g[0K[?25h[?25li[0K[4G[?25h[5G[?25l$ git[0K[?25h[7G[?25l$ git s[0K[?25ht[0Ka[0Kt[0Ku[0Ks[0K[?25l
[0K[?25hOn branch master[0K[?25l
Changes not staged for commit:[0K
  (use "git add/rm <file>..." to update what will be committed)[0K
  (use "git checkout -- <file>..." to discard changes in working directory)[0K
[0K
        [0;31mmodified:   .Rproj.user/6F98EBE9/console06/CAEA8888[0m[0K
        [0;31mmodified:   .Rproj.user/6F98EBE9/console06/INDEX001[0m[0K
        [0;31mmodified:   .Rproj.user/6F98EBE9/sources/prop/234D8CAA[0m[0K
        [0;31mmodified:   .Rproj.user/6F98EBE9/sources/prop/613BAD24[0m[0K
        [0;31mmodified:   .Rproj.user/6F98EBE9/sources/prop/85427934[0m[0K
        [0;31mmodified:   .Rproj.user/shared/notebooks/paths[0m[0K
        [0;31mmodified:   03-importing.Rmd[0m[0K
        [0;31mmodified:   04-transform_and_visualise.Rmd[0m[0K
        [0;31mdeleted:    _bookdown_files/bspr-workshop-2018_cache/html/example-data_6fe6a381de2b8e10f48939f08441fef0.RData[0m[0K
        [0;31mdeleted:    _bookdown_files/bspr-workshop-2018_cache/html/example-data_6fe6a381de2b8e10f48939f08441fef0.rdb[0m[0K
        [0;31mdeleted:    _bookdown_files/bspr-workshop-2018_cache/html/example-data_6fe6a381de2b8e10f48939f08441fef0.rdx[0m[0K
        [0;31mdeleted:    _bookdown_files/bspr-workshop-2018_cache/html/fold-change-2_a9aede4dbd3c28f7c350473dd5a139e3.RData[0m[0K
        [0;31mdeleted:    _bookdown_files/bspr-workshop-2018_cache/html/fold-change-2_a9aede4dbd3c28f7c350473dd5a139e3.rdb[0m[0K
        [0;31mdeleted:    _bookdown_files/bspr-workshop-2018_cache/html/fold-change-2_a9aede4dbd3c28f7c350473dd5a139e3.rdx[0m[0K
[0K
Untracked files:[0K
  (use "git add <file>..." to include in what will be committed)[0K
[0K
        [0;31m_bookdown_files/bspr-workshop-2018_cache/html/example-data_1208e013626467ddac85105404b44b5e.RData[0m[0K
        [0;31m_bookdown_files/bspr-workshop-2018_cache/html/example-data_1208e013626467ddac85105404b44b5e.rdb[0m[0K
        [0;31m_bookdown_files/bspr-workshop-2018_cache/html/example-data_1208e013626467ddac85105404b44b5e.rdx[0m[0K
        [0;31m_bookdown_files/bspr-workshop-2018_cache/html/fold-change-2_69c037122492f58eae0cc3041195dacc.RData[0m[0K
        [0;31m_bookdown_files/bspr-workshop-2018_cache/html/fold-change-2_69c037122492f58eae0cc3041195dacc.rdb[0m[0K
        [0;31m_bookdown_files/bspr-workshop-2018_cache/html/fold-change-2_69c037122492f58eae0cc3041195dacc.rdx[0m[0K
        [0;31mbspr-workshop-2018.Rmd[0m[0K
[0K
no changes added to commit (use "git add" and/or "git commit -a")[0K
[0K[?25h[?25l
[0;32mab604@ab604-proteome [0;35m [0;33m/e/bspr-workshop-2018[0;36m (master)[0m[0K
$[0K[3G[?25h[?25l$ g[0K[?25hi[0Kt[0K[7G[?25l$ git a[0K[?25hd[0Kd[0K[11G[?25l$ git add .[0K[?25h